

[   [0;34m./001.dat[0m   ]

